
Memory Configuration

Name             Origin             Length             Attributes
*default*        0x00000000         0xffffffff

Linker script and memory map

                0x00000000                . = 0x0
                0x00000000                . = ALIGN (0x4)

.text           0x00000000      0xb20
 start.o(.text)
 .text          0x00000000       0xb0 start.o
                0x00000040                _end_vect
                0x0000004c                _bss_start
                0x00000050                _bss_end
                0x00000048                _armboot_start
                0x00000000                _start
 cpu_init.o(.text)
 .text          0x000000b0      0x124 cpu_init.o
                0x000000b0                mem_ctrl_asm_init
 nand_boot.o(.text)
 .text          0x000001d4      0x350 nand_boot.o
                0x00000490                nand_boot
 *(.text)
 .text          0x00000524      0x1d0 lowlevel_init.o
                0x00000528                lowlevel_init
 .text          0x000006f4      0x12c nand_ecc.o
                0x000006f4                nand_correct_data
 .text          0x00000820      0x300 s3c64xx.o
                0x00000a2c                board_nand_init

.glue_7         0x00000b20        0x0
 .glue_7        0x00000b20        0x0 start.o
 .glue_7        0x00000b20        0x0 cpu_init.o
 .glue_7        0x00000b20        0x0 nand_boot.o
 .glue_7        0x00000b20        0x0 lowlevel_init.o
 .glue_7        0x00000b20        0x0 nand_ecc.o
 .glue_7        0x00000b20        0x0 s3c64xx.o

.glue_7t        0x00000b20        0x0
 .glue_7t       0x00000b20        0x0 start.o
 .glue_7t       0x00000b20        0x0 cpu_init.o
 .glue_7t       0x00000b20        0x0 nand_boot.o
 .glue_7t       0x00000b20        0x0 lowlevel_init.o
 .glue_7t       0x00000b20        0x0 nand_ecc.o
 .glue_7t       0x00000b20        0x0 s3c64xx.o

.vfp11_veneer   0x00000b20        0x0
 .vfp11_veneer  0x00000b20        0x0 start.o
 .vfp11_veneer  0x00000b20        0x0 cpu_init.o
 .vfp11_veneer  0x00000b20        0x0 nand_boot.o
 .vfp11_veneer  0x00000b20        0x0 lowlevel_init.o
 .vfp11_veneer  0x00000b20        0x0 nand_ecc.o
 .vfp11_veneer  0x00000b20        0x0 s3c64xx.o

.janus_2cc_veneer
                0x00000b20        0x0
 .janus_2cc_veneer
                0x00000b20        0x0 start.o
 .janus_2cc_veneer
                0x00000b20        0x0 cpu_init.o
 .janus_2cc_veneer
                0x00000b20        0x0 nand_boot.o
 .janus_2cc_veneer
                0x00000b20        0x0 lowlevel_init.o
 .janus_2cc_veneer
                0x00000b20        0x0 nand_ecc.o
 .janus_2cc_veneer
                0x00000b20        0x0 s3c64xx.o

.v4_bx          0x00000b20        0x0
 .v4_bx         0x00000b20        0x0 start.o
 .v4_bx         0x00000b20        0x0 cpu_init.o
 .v4_bx         0x00000b20        0x0 nand_boot.o
 .v4_bx         0x00000b20        0x0 lowlevel_init.o
 .v4_bx         0x00000b20        0x0 nand_ecc.o
 .v4_bx         0x00000b20        0x0 s3c64xx.o
                0x00000b20                . = ALIGN (0x4)

.rodata
 *(SORT(.rodata*))
                0x00000b20                . = ALIGN (0x4)

.data           0x00000b20        0x8
 *(.data)
 .data          0x00000b20        0x0 start.o
 .data          0x00000b20        0x0 cpu_init.o
 .data          0x00000b20        0x0 nand_boot.o
 .data          0x00000b20        0x0 lowlevel_init.o
 .data          0x00000b20        0x0 nand_ecc.o
 .data          0x00000b20        0x8 s3c64xx.o
                0x00000b28                . = ALIGN (0x4)

.got
 *(.got)
                0x00000b28                __u_boot_cmd_start = .

.u_boot_cmd
 *(.u_boot_cmd)
                0x00000b28                __u_boot_cmd_end = .
                0x00000b28                . = ALIGN (0x4)
                0x00000b28                __bss_start = .

.bss            0x00000b28        0x4
 *(.bss)
 .bss           0x00000b28        0x0 start.o
 .bss           0x00000b28        0x0 cpu_init.o
 .bss           0x00000b28        0x0 nand_boot.o
 .bss           0x00000b28        0x0 lowlevel_init.o
 .bss           0x00000b28        0x0 nand_ecc.o
 .bss           0x00000b28        0x4 s3c64xx.o
                0x00000b2c                . = ALIGN (0x4)
                0x00000b2c                _end = .
Address of section .text set to 0x0
LOAD start.o
LOAD cpu_init.o
LOAD lowlevel_init.o
LOAD nand_boot.o
LOAD nand_ecc.o
LOAD s3c64xx.o
OUTPUT(/home/rex/real6410/proj.git/uboot/nand_spl/u-boot-spl elf32-littlearm)

.ARM.attributes
                0x00000000       0x26
 .ARM.attributes
                0x00000000       0x18 start.o
 .ARM.attributes
                0x00000018       0x18 cpu_init.o
 .ARM.attributes
                0x00000030       0x28 nand_boot.o
 .ARM.attributes
                0x00000058       0x18 lowlevel_init.o
 .ARM.attributes
                0x00000070       0x28 nand_ecc.o
 .ARM.attributes
                0x00000098       0x28 s3c64xx.o

.debug_line     0x00000000      0x671
 .debug_line    0x00000000       0x54 start.o
 .debug_line    0x00000054       0x7c cpu_init.o
 .debug_line    0x000000d0      0x1db nand_boot.o
 .debug_line    0x000002ab       0xae lowlevel_init.o
 .debug_line    0x00000359      0x13c nand_ecc.o
 .debug_line    0x00000495      0x1dc s3c64xx.o

.debug_info     0x00000000     0x3097
 .debug_info    0x00000000       0x73 start.o
 .debug_info    0x00000073       0x76 cpu_init.o
 .debug_info    0x000000e9     0x130c nand_boot.o
 .debug_info    0x000013f5       0x7b lowlevel_init.o
 .debug_info    0x00001470      0x900 nand_ecc.o
 .debug_info    0x00001d70     0x1327 s3c64xx.o

.debug_abbrev   0x00000000      0x66b
 .debug_abbrev  0x00000000       0x14 start.o
 .debug_abbrev  0x00000014       0x14 cpu_init.o
 .debug_abbrev  0x00000028      0x256 nand_boot.o
 .debug_abbrev  0x0000027e       0x14 lowlevel_init.o
 .debug_abbrev  0x00000292      0x1a3 nand_ecc.o
 .debug_abbrev  0x00000435      0x236 s3c64xx.o

.debug_aranges  0x00000000       0xc0
 .debug_aranges
                0x00000000       0x20 start.o
 .debug_aranges
                0x00000020       0x20 cpu_init.o
 .debug_aranges
                0x00000040       0x20 nand_boot.o
 .debug_aranges
                0x00000060       0x20 lowlevel_init.o
 .debug_aranges
                0x00000080       0x20 nand_ecc.o
 .debug_aranges
                0x000000a0       0x20 s3c64xx.o

.debug_frame    0x00000000      0x184
 .debug_frame   0x00000000       0x74 nand_boot.o
 .debug_frame   0x00000074       0x30 nand_ecc.o
 .debug_frame   0x000000a4       0xe0 s3c64xx.o

.debug_loc      0x00000000      0x610
 .debug_loc     0x00000000      0x264 nand_boot.o
 .debug_loc     0x00000264      0x104 nand_ecc.o
 .debug_loc     0x00000368      0x2a8 s3c64xx.o

.debug_pubnames
                0x00000000       0x6e
 .debug_pubnames
                0x00000000       0x20 nand_boot.o
 .debug_pubnames
                0x00000020       0x28 nand_ecc.o
 .debug_pubnames
                0x00000048       0x26 s3c64xx.o

.debug_ranges   0x00000000       0x60
 .debug_ranges  0x00000000       0x60 nand_boot.o

.debug_str      0x00000000      0x8a0
 .debug_str     0x00000000      0x72f nand_boot.o
                                0x83b (size before relaxing)
 .debug_str     0x0000072f       0x37 nand_ecc.o
                                0x4b2 (size before relaxing)
 .debug_str     0x00000766      0x13a s3c64xx.o
                                0x8bc (size before relaxing)

.comment        0x00000000       0x7e
 .comment       0x00000000       0x2a nand_boot.o
 .comment       0x0000002a       0x2a nand_ecc.o
 .comment       0x00000054       0x2a s3c64xx.o

.note.GNU-stack
                0x00000000        0x0
 .note.GNU-stack
                0x00000000        0x0 nand_boot.o
 .note.GNU-stack
                0x00000000        0x0 nand_ecc.o
 .note.GNU-stack
                0x00000000        0x0 s3c64xx.o
